// Jest Snapshot v1, https://goo.gl/fbAQLP

exports[`Test the operates should calculate the modulus of the numbers 1`] = `"0"`;

exports[`Test the operates should divide the numbers 1`] = `"3"`;

exports[`Test the operates should multiply the numbers 1`] = `"2"`;

exports[`Test the operates should subtract the numbers 1`] = `"2"`;

exports[`Test the operates should sum the numbers 1`] = `"3"`;
